exports[`test renders an empty unordered list 1`] = `
<ul
  className="repos" />
`;
