exports[`NotifyTierChange snapshots renders plans appropriately (Chihuahua -> Labrador) 1`] = `
<section
  className="tier-change-container">
  <aside
    className="tier-change-plans">
    <h3>
      Plans
    </h3>
    <TierPlan
      isCurrent={true}
      isNew={false}
      plan={
        Object {
          "allowance": 4,
          "current": true,
          "name": "Chihuahua",
          "price": 49,
        }
      } />
    <TierPlan
      isCurrent={false}
      isNew={true}
      plan={
        Object {
          "allowance": 10,
          "current": false,
          "name": "Labrador",
          "price": 99,
        }
      } />
    <TierPlan
      isCurrent={false}
      isNew={false}
      plan={
        Object {
          "allowance": 30,
          "current": false,
          "name": "Great Dane",
          "price": 249,
        }
      } />
  </aside>
  <div
    className="tier-change-content">
    <h1>
      Pricing: Change of Plans
    </h1>
    <section
      className="tier-change-description">
      <div
        className="allowance large">
        Private Repos
        <strong>
          4
          /
          4
        </strong>
      </div>
      <p>
        <strong>
          Activating \"
          Test repo
          \" will change the price you pay per month.
        </strong>
      </p>
      <p>
        You\'ll be charged an extra $
        50
         a month ($
        99
         total).
      </p>
      <p>
        Upgrade to continue your activation of \"
        Test repo
        \"
      </p>
    </section>
    <UpgradeSubscriptionLink
      authenticityToken="csrf_token"
      repoId={1} />
    <a
      className="button tier-change-cancel"
      href="/repos">
      Cancel
    </a>
  </div>
</section>
`;

exports[`NotifyTierChange snapshots renders plans appropriately (Labrador -> Great Dane) 1`] = `
<section
  className="tier-change-container">
  <aside
    className="tier-change-plans">
    <h3>
      Plans
    </h3>
    <TierPlan
      isCurrent={false}
      isNew={false}
      plan={
        Object {
          "allowance": 4,
          "current": false,
          "name": "Chihuahua",
          "price": 49,
        }
      } />
    <TierPlan
      isCurrent={true}
      isNew={false}
      plan={
        Object {
          "allowance": 10,
          "current": true,
          "name": "Labrador",
          "price": 99,
        }
      } />
    <TierPlan
      isCurrent={false}
      isNew={true}
      plan={
        Object {
          "allowance": 30,
          "current": false,
          "name": "Great Dane",
          "price": 249,
        }
      } />
  </aside>
  <div
    className="tier-change-content">
    <h1>
      Pricing: Change of Plans
    </h1>
    <section
      className="tier-change-description">
      <div
        className="allowance large">
        Private Repos
        <strong>
          10
          /
          10
        </strong>
      </div>
      <p>
        <strong>
          Activating \"
          Test repo
          \" will change the price you pay per month.
        </strong>
      </p>
      <p>
        You\'ll be charged an extra $
        150
         a month ($
        249
         total).
      </p>
      <p>
        Upgrade to continue your activation of \"
        Test repo
        \"
      </p>
    </section>
    <UpgradeSubscriptionLink
      authenticityToken="csrf_token"
      repoId={1} />
    <a
      className="button tier-change-cancel"
      href="/repos">
      Cancel
    </a>
  </div>
</section>
`;
