exports[`test renders a button appropriately for admin repos  1`] = `
<button
  className="repo-toggle"
  disabled={null}
  onClick={[Function]}
  onMouseOut={[Function]}
  onMouseOver={[Function]}>
  Active
</button>
`;

exports[`test renders a button appropriately for non-admin repos  1`] = `
<div
  className="repo-restricted">
  Only repo admins can activate
</div>
`;

exports[`test renders a disabled button appropriately for admin repos 1`] = `
<button
  className="repo-toggle"
  disabled="disabled"
  onClick={[Function]}
  onMouseOut={[Function]}
  onMouseOver={[Function]}>
  Active
</button>
`;
