exports[`test renders appropriately 1`] = `
<div
  className="repos-syncing">
  <div
    className="dot" />
  <div
    className="dot" />
  <div
    className="dot" />
</div>
`;
