exports[`test renders appropriately 1`] = `
<p
  className="inline-flash inline-flash--error">
  <i
    className="fa fa-exclamation-circle">
    There was a problem updating your email. Please try again.
  </i>
</p>
`;

exports[`test renders appropriately 2`] = `
<p
  className="inline-flash inline-flash--success"
  data-role="flash">
  <i
    className="fa fa-check" />
  Email address updated!
</p>
`;
