exports[`test renders appropriately 1`] = `
<article
  className="account-details">
  <h3>
    Update account settings
  </h3>
  <form>
    <div
      className="form-group">
      <label>
        Email address for receipts
      </label>
      <input
        id="email_address"
        onChange={[Function]}
        type="email" />
      <UpdateAccountEmailMessage
        addressChanged={null} />
    </div>
    <div
      className="form-actions">
      <button
        className="button-small"
        onClick={[Function]}>
        Update Email
      </button>
    </div>
  </form>
</article>
`;

exports[`test renders appropriately on address change 1`] = `
<article
  className="account-details">
  <h3>
    Update account settings
  </h3>
  <form>
    <div
      className="form-group">
      <label>
        Email address for receipts
      </label>
      <input
        id="email_address"
        onChange={[Function]}
        type="email" />
      <UpdateAccountEmailMessage
        addressChanged={null} />
    </div>
    <div
      className="form-actions">
      <button
        className="button-small"
        onClick={[Function]}>
        Update Email
      </button>
    </div>
  </form>
</article>
`;
