exports[`test renders a list of organizations appropriately 1`] = `
<section
  className="organizations">
  <Organization
    filterTerm=""
    isProcessingId={null}
    name="Test org"
    onRepoClicked={[Function]}
    ownerId={1}
    repos={
      Array [
        Object {
          "id": 1,
          "name": "Test repo",
          "owner": Object {
            "id": 1,
          },
        },
      ]
    } />
</section>
`;
