// Jest Snapshot v1, https://goo.gl/fbAQLP

exports[`renders appropriately 1`] = `
<div
  className="repos-syncing"
>
  <div
    className="dot"
  />
  <div
    className="dot"
  />
  <div
    className="dot"
  />
</div>
`;
