exports[`test renders a list of repos appropriately 1`] = `
<PopulatedRepoList
  filterTerm=""
  isProcessingId={null}
  onRepoClicked={[Function]}
  repos={
    Array [
      Object {
        "id": 1,
        "name": "Test repo",
        "owner": Object {
          "id": 1,
        },
      },
    ]
  } />
`;
