exports[`test renders appropriately 1`] = `
<div
  className="repo-tools-search">
  <input
    className="repo-search-tools-input"
    onChange={[Function]}
    type="text" />
</div>
`;
