// Jest Snapshot v1, https://goo.gl/fbAQLP

exports[`renders appropriately 1`] = `
<OrganizationsList
  filterTerm=""
  isProcessingId={null}
  onRepoClicked={[Function]}
  organizations={
    Array [
      Object {
        "id": 1,
        "name": "Test org",
      },
    ]
  }
  repos={
    Array [
      Object {
        "id": 1,
        "name": "Test repo",
        "owner": Object {
          "id": 1,
        },
      },
    ]
  }
/>
`;
