exports[`test renders appropriately 1`] = `
<p
  className="inline-flash inline-flash--error">
  There was a problem updating your email. Please try again.
</p>
`;

exports[`test renders appropriately 2`] = `
<p
  className="inline-flash inline-flash--success"
  data-role="flash">
  Email address updated!
</p>
`;
